some_func called
some_func called
Main program. [call]
